--- 2026-10-02 23:35:44 · email · ospite@example.com
Oggetto: Reservierung bestätigt · Bagno Marè
Hallo Anna Müller,

Ihr Tisch im Bagno Marè ist bestätigt.

Datum: Donnerstag, 15. Oktober
Uhrzeit: 20:00
Personen: 2 Personen
Code: MARE-GJK24D

Sie finden uns hier: Molo di Levante 74, 47042 Cesenatico (FC).
Für Änderungen oder Stornierungen rufen Sie uns an: +39 333 105 9588.

Bis bald,
Bagno Marè

--- 2026-10-02 23:35:45 · email · ospite@example.com
Oggetto: Reservierung storniert · Bagno Marè
Hallo Anna Müller,

Ihre Reservierung im Bagno Marè wurde storniert.

Datum: Donnerstag, 15. Oktober
Uhrzeit: 20:00
Personen: 2 Personen
Code: MARE-GJK24D
Grund: Sala riservata.

Bei Fragen oder für ein neues Datum rufen Sie uns an: +39 333 105 9588.

Wir bitten um Entschuldigung,
Bagno Marè

--- 2026-10-02 23:35:45 · sms · +393332223333
Bagno Marè: non possiamo accoglierti il 15/10 alle 20:30. Scegli un'altra data sul sito o chiamaci al 333 105 9588.

--- 2026-10-02 23:35:45 · email · ospite@example.com
Oggetto: Reservierung storniert · Bagno Marè
Hallo Anna Müller,

Ihre Reservierung im Bagno Marè wurde storniert.

Datum: Donnerstag, 15. Oktober
Uhrzeit: 20:00
Personen: 2 Personen
Code: MARE-GJK24D
Grund: Sala riservata.

Bei Fragen oder für ein neues Datum rufen Sie uns an: +39 333 105 9588.

Wir bitten um Entschuldigung,
Bagno Marè

